This file contains any messages produced by compilers while
running configure, to aid debugging if configure makes a mistake.

It was created by bofuss configure 5.1.X, which was
generated by GNU Autoconf 2.71.  Invocation command line was

  $ ./configure

## --------- ##
## Platform. ##
## --------- ##

hostname = phd-ThinkPad-T14-Gen-3
uname -m = x86_64
uname -r = 5.15.0-88-generic
uname -s = Linux
uname -v = #98~20.04.1-Ubuntu SMP Mon Oct 9 16:43:45 UTC 2023

/usr/bin/uname -p = x86_64
/bin/uname -X     = unknown

/bin/arch              = x86_64
/usr/bin/arch -k       = unknown
/usr/convex/getsysinfo = unknown
/usr/bin/hostinfo      = unknown
/bin/machine           = unknown
/usr/bin/oslevel       = unknown
/bin/universe          = unknown

PATH: /home/phd/.local/bin/
PATH: /home/phd/bin/
PATH: /usr/local/sbin/
PATH: /usr/local/bin/
PATH: /usr/sbin/
PATH: /usr/bin/
PATH: /sbin/
PATH: /bin/
PATH: /usr/games/
PATH: /usr/local/games/
PATH: /snap/bin/


## ----------- ##
## Core tests. ##
## ----------- ##

configure:2248: looking for aux files: compile missing install-sh
configure:2261:  trying ./build-aux/
configure:2290:   ./build-aux/compile found
configure:2290:   ./build-aux/missing found
configure:2272:   ./build-aux/install-sh found
configure:2420: checking for a BSD-compatible install
configure:2493: result: /usr/bin/install -c
configure:2504: checking whether build environment is sane
configure:2559: result: yes
configure:2716: checking for a race-free mkdir -p
configure:2760: result: /usr/bin/mkdir -p
configure:2767: checking for gawk
configure:2802: result: no
configure:2767: checking for mawk
configure:2788: found /usr/bin/mawk
configure:2799: result: mawk
configure:2810: checking whether make sets $(MAKE)
configure:2833: result: yes
configure:2863: checking whether make supports nested variables
configure:2881: result: yes
configure:3019: checking whether to enable maintainer-specific portions of Makefiles
configure:3029: result: no
configure:3105: checking for gcc
configure:3126: found /usr/bin/gcc
configure:3137: result: gcc
configure:3490: checking for C compiler version
configure:3499: gcc --version >&5
gcc (Ubuntu 9.4.0-1ubuntu1~20.04.2) 9.4.0
Copyright (C) 2019 Free Software Foundation, Inc.
This is free software; see the source for copying conditions.  There is NO
warranty; not even for MERCHANTABILITY or FITNESS FOR A PARTICULAR PURPOSE.

configure:3510: $? = 0
configure:3499: gcc -v >&5
Using built-in specs.
COLLECT_GCC=gcc
COLLECT_LTO_WRAPPER=/usr/lib/gcc/x86_64-linux-gnu/9/lto-wrapper
OFFLOAD_TARGET_NAMES=nvptx-none:hsa
OFFLOAD_TARGET_DEFAULT=1
Target: x86_64-linux-gnu
Configured with: ../src/configure -v --with-pkgversion='Ubuntu 9.4.0-1ubuntu1~20.04.2' --with-bugurl=file:///usr/share/doc/gcc-9/README.Bugs --enable-languages=c,ada,c++,go,brig,d,fortran,objc,obj-c++,gm2 --prefix=/usr --with-gcc-major-version-only --program-suffix=-9 --program-prefix=x86_64-linux-gnu- --enable-shared --enable-linker-build-id --libexecdir=/usr/lib --without-included-gettext --enable-threads=posix --libdir=/usr/lib --enable-nls --enable-clocale=gnu --enable-libstdcxx-debug --enable-libstdcxx-time=yes --with-default-libstdcxx-abi=new --enable-gnu-unique-object --disable-vtable-verify --enable-plugin --enable-default-pie --with-system-zlib --with-target-system-zlib=auto --enable-objc-gc=auto --enable-multiarch --disable-werror --with-arch-32=i686 --with-abi=m64 --with-multilib-list=m32,m64,mx32 --enable-multilib --with-tune=generic --enable-offload-targets=nvptx-none=/build/gcc-9-9QDOt0/gcc-9-9.4.0/debian/tmp-nvptx/usr,hsa --without-cuda-driver --enable-checking=release --build=x86_64-linux-gnu --host=x86_64-linux-gnu --target=x86_64-linux-gnu
Thread model: posix
gcc version 9.4.0 (Ubuntu 9.4.0-1ubuntu1~20.04.2) 
configure:3510: $? = 0
configure:3499: gcc -V >&5
gcc: error: unrecognized command line option '-V'
gcc: fatal error: no input files
compilation terminated.
configure:3510: $? = 1
configure:3499: gcc -qversion >&5
gcc: error: unrecognized command line option '-qversion'; did you mean '--version'?
gcc: fatal error: no input files
compilation terminated.
configure:3510: $? = 1
configure:3499: gcc -version >&5
gcc: error: unrecognized command line option '-version'
gcc: fatal error: no input files
compilation terminated.
configure:3510: $? = 1
configure:3530: checking whether the C compiler works
configure:3552: gcc    conftest.c  >&5
configure:3556: $? = 0
configure:3606: result: yes
configure:3609: checking for C compiler default output file name
configure:3611: result: a.out
configure:3617: checking for suffix of executables
configure:3624: gcc -o conftest    conftest.c  >&5
configure:3628: $? = 0
configure:3651: result: 
configure:3673: checking whether we are cross compiling
configure:3681: gcc -o conftest    conftest.c  >&5
configure:3685: $? = 0
configure:3692: ./conftest
configure:3696: $? = 0
configure:3684: result: no
configure:3689: checking for suffix of object files
configure:3712: gcc -c   conftest.c >&5
configure:3716: $? = 0
configure:3738: result: o
configure:3742: checking whether the compiler supports GNU C
configure:3762: gcc -c   conftest.c >&5
configure:3762: $? = 0
configure:3772: result: yes
configure:3783: checking whether gcc accepts -g
configure:3804: gcc -c -g  conftest.c >&5
configure:3804: $? = 0
configure:3848: result: yes
configure:3868: checking for gcc option to enable C11 features
configure:3883: gcc  -c -g -O2  conftest.c >&5
configure:3883: $? = 0
configure:3901: result: none needed
configure:4017: checking whether gcc understands -c and -o together
configure:4040: gcc -c conftest.c -o conftest2.o
configure:4043: $? = 0
configure:4040: gcc -c conftest.c -o conftest2.o
configure:4043: $? = 0
configure:4055: result: yes
configure:4075: checking whether make supports the include directive
configure:4090: make -f confmf.GNU && cat confinc.out
this is the am__doit target
configure:4093: $? = 0
configure:4112: result: yes (GNU style)
configure:4138: checking dependency style of gcc
configure:4250: result: gcc3
configure:4270: checking how to run the C preprocessor
configure:4296: gcc -E  conftest.c
configure:4296: $? = 0
configure:4311: gcc -E  conftest.c
conftest.c:11:10: fatal error: ac_nonexistent.h: No such file or directory
   11 | #include <ac_nonexistent.h>
      |          ^~~~~~~~~~~~~~~~~~
compilation terminated.
configure:4311: $? = 1
configure: failed program was:
| /* confdefs.h */
| #define PACKAGE_NAME "bofuss"
| #define PACKAGE_TARNAME "bofuss"
| #define PACKAGE_VERSION "5.1.X"
| #define PACKAGE_STRING "bofuss 5.1.X"
| #define PACKAGE_BUGREPORT ""
| #define PACKAGE_URL ""
| #define PACKAGE "bofuss"
| #define VERSION "5.1.X"
| /* end confdefs.h.  */
| #include <ac_nonexistent.h>
configure:4338: result: gcc -E
configure:4352: gcc -E  conftest.c
configure:4352: $? = 0
configure:4367: gcc -E  conftest.c
conftest.c:11:10: fatal error: ac_nonexistent.h: No such file or directory
   11 | #include <ac_nonexistent.h>
      |          ^~~~~~~~~~~~~~~~~~
compilation terminated.
configure:4367: $? = 1
configure: failed program was:
| /* confdefs.h */
| #define PACKAGE_NAME "bofuss"
| #define PACKAGE_TARNAME "bofuss"
| #define PACKAGE_VERSION "5.1.X"
| #define PACKAGE_STRING "bofuss 5.1.X"
| #define PACKAGE_BUGREPORT ""
| #define PACKAGE_URL ""
| #define PACKAGE "bofuss"
| #define VERSION "5.1.X"
| /* end confdefs.h.  */
| #include <ac_nonexistent.h>
configure:4445: checking for ranlib
configure:4466: found /usr/bin/ranlib
configure:4477: result: ranlib
configure:4502: checking for strlcpy
configure:4502: gcc -o conftest -g -O2   conftest.c  >&5
/usr/bin/ld: /tmp/ccauInmT.o: in function `main':
/home/phd/Documents/PhD/ofsoftswitch13/conftest.c:38: undefined reference to `strlcpy'
collect2: error: ld returned 1 exit status
configure:4502: $? = 1
configure: failed program was:
| /* confdefs.h */
| #define PACKAGE_NAME "bofuss"
| #define PACKAGE_TARNAME "bofuss"
| #define PACKAGE_VERSION "5.1.X"
| #define PACKAGE_STRING "bofuss 5.1.X"
| #define PACKAGE_BUGREPORT ""
| #define PACKAGE_URL ""
| #define PACKAGE "bofuss"
| #define VERSION "5.1.X"
| /* end confdefs.h.  */
| /* Define strlcpy to an innocuous variant, in case <limits.h> declares strlcpy.
|    For example, HP-UX 11i <limits.h> declares gettimeofday.  */
| #define strlcpy innocuous_strlcpy
| 
| /* System header to define __stub macros and hopefully few prototypes,
|    which can conflict with char strlcpy (); below.  */
| 
| #include <limits.h>
| #undef strlcpy
| 
| /* Override any GCC internal prototype to avoid an error.
|    Use char because int might match the return type of a GCC
|    builtin and then its argument prototype would still apply.  */
| #ifdef __cplusplus
| extern "C"
| #endif
| char strlcpy ();
| /* The GNU C library defines this for functions which it implements
|     to always fail with ENOSYS.  Some functions are actually named
|     something starting with __ and the normal name is an alias.  */
| #if defined __stub_strlcpy || defined __stub___strlcpy
| choke me
| #endif
| 
| int
| main (void)
| {
| return strlcpy ();
|   ;
|   return 0;
| }
configure:4502: result: no
configure:4649: checking that generated files are newer than configure
configure:4655: result: done
configure:4682: creating ./config.status

## ---------------------- ##
## Running config.status. ##
## ---------------------- ##

This file was extended by bofuss config.status 5.1.X, which was
generated by GNU Autoconf 2.71.  Invocation command line was

  CONFIG_FILES    = 
  CONFIG_HEADERS  = 
  CONFIG_LINKS    = 
  CONFIG_COMMANDS = 
  $ ./config.status 

on phd-ThinkPad-T14-Gen-3

config.status:770: creating Makefile
config.status:942: executing depfiles commands
config.status:1019: cd .       && sed -e '/# am--include-marker/d' Makefile         | make -f - am--depfiles
make: Nothing to be done for 'am--depfiles'.
config.status:1024: $? = 0

## ---------------- ##
## Cache variables. ##
## ---------------- ##

ac_cv_c_compiler_gnu=yes
ac_cv_env_CC_set=
ac_cv_env_CC_value=
ac_cv_env_CFLAGS_set=
ac_cv_env_CFLAGS_value=
ac_cv_env_CPPFLAGS_set=
ac_cv_env_CPPFLAGS_value=
ac_cv_env_CPP_set=
ac_cv_env_CPP_value=
ac_cv_env_LDFLAGS_set=
ac_cv_env_LDFLAGS_value=
ac_cv_env_LIBS_set=
ac_cv_env_LIBS_value=
ac_cv_env_build_alias_set=
ac_cv_env_build_alias_value=
ac_cv_env_host_alias_set=
ac_cv_env_host_alias_value=
ac_cv_env_target_alias_set=
ac_cv_env_target_alias_value=
ac_cv_func_strlcpy=no
ac_cv_objext=o
ac_cv_path_install='/usr/bin/install -c'
ac_cv_path_mkdir=/usr/bin/mkdir
ac_cv_prog_AWK=mawk
ac_cv_prog_CPP='gcc -E'
ac_cv_prog_ac_ct_CC=gcc
ac_cv_prog_ac_ct_RANLIB=ranlib
ac_cv_prog_cc_c11=
ac_cv_prog_cc_g=yes
ac_cv_prog_cc_stdc=
ac_cv_prog_make_make_set=yes
am_cv_CC_dependencies_compiler_type=gcc3
am_cv_make_support_nested_variables=yes
am_cv_prog_cc_c_o=yes

## ----------------- ##
## Output variables. ##
## ----------------- ##

ACLOCAL='${SHELL} '\''/home/phd/Documents/PhD/ofsoftswitch13/build-aux/missing'\'' aclocal-1.16'
AMDEPBACKSLASH='\'
AMDEP_FALSE='#'
AMDEP_TRUE=''
AMTAR='$${TAR-tar}'
AM_BACKSLASH='\'
AM_DEFAULT_V='$(AM_DEFAULT_VERBOSITY)'
AM_DEFAULT_VERBOSITY='1'
AM_V='$(V)'
AUTOCONF='${SHELL} '\''/home/phd/Documents/PhD/ofsoftswitch13/build-aux/missing'\'' autoconf'
AUTOHEADER='${SHELL} '\''/home/phd/Documents/PhD/ofsoftswitch13/build-aux/missing'\'' autoheader'
AUTOMAKE='${SHELL} '\''/home/phd/Documents/PhD/ofsoftswitch13/build-aux/missing'\'' automake-1.16'
AWK='mawk'
CC='gcc'
CCDEPMODE='depmode=gcc3'
CFLAGS='-g -O2'
CPP='gcc -E'
CPPFLAGS=''
CSCOPE='cscope'
CTAGS='ctags'
CYGPATH_W='echo'
DEFS='-DPACKAGE_NAME=\"bofuss\" -DPACKAGE_TARNAME=\"bofuss\" -DPACKAGE_VERSION=\"5.1.X\" -DPACKAGE_STRING=\"bofuss\ 5.1.X\" -DPACKAGE_BUGREPORT=\"\" -DPACKAGE_URL=\"\" -DPACKAGE=\"bofuss\" -DVERSION=\"5.1.X\"'
DEPDIR='.deps'
ECHO_C=''
ECHO_N='-n'
ECHO_T=''
ETAGS='etags'
EXEEXT=''
INSTALL_DATA='${INSTALL} -m 644'
INSTALL_PROGRAM='${INSTALL}'
INSTALL_SCRIPT='${INSTALL}'
INSTALL_STRIP_PROGRAM='$(install_sh) -c -s'
LDFLAGS=''
LIBOBJS=''
LIBS=''
LTLIBOBJS=''
MAINT='#'
MAINTAINER_MODE_FALSE=''
MAINTAINER_MODE_TRUE='#'
MAKEINFO='${SHELL} '\''/home/phd/Documents/PhD/ofsoftswitch13/build-aux/missing'\'' makeinfo'
MKDIR_P='/usr/bin/mkdir -p'
OBJEXT='o'
PACKAGE='bofuss'
PACKAGE_BUGREPORT=''
PACKAGE_NAME='bofuss'
PACKAGE_STRING='bofuss 5.1.X'
PACKAGE_TARNAME='bofuss'
PACKAGE_URL=''
PACKAGE_VERSION='5.1.X'
PATH_SEPARATOR=':'
RANLIB='ranlib'
SET_MAKE=''
SHELL='/bin/bash'
STRIP=''
VERSION='5.1.X'
ac_ct_CC='gcc'
am__EXEEXT_FALSE=''
am__EXEEXT_TRUE='#'
am__fastdepCC_FALSE='#'
am__fastdepCC_TRUE=''
am__include='include'
am__isrc=''
am__leading_dot='.'
am__nodep='_no'
am__quote=''
am__tar='$${TAR-tar} chof - "$$tardir"'
am__untar='$${TAR-tar} xf -'
bindir='${exec_prefix}/bin'
build_alias=''
datadir='${datarootdir}'
datarootdir='${prefix}/share'
docdir='${datarootdir}/doc/${PACKAGE_TARNAME}'
dvidir='${docdir}'
exec_prefix='${prefix}'
host_alias=''
htmldir='${docdir}'
includedir='${prefix}/include'
infodir='${datarootdir}/info'
install_sh='${SHELL} /home/phd/Documents/PhD/ofsoftswitch13/build-aux/install-sh'
libdir='${exec_prefix}/lib'
libexecdir='${exec_prefix}/libexec'
localedir='${datarootdir}/locale'
localstatedir='${prefix}/var'
mandir='${datarootdir}/man'
mkdir_p='$(MKDIR_P)'
oldincludedir='/usr/include'
pdfdir='${docdir}'
prefix='/usr/local'
program_transform_name='s,x,x,'
psdir='${docdir}'
runstatedir='${localstatedir}/run'
sbindir='${exec_prefix}/sbin'
sharedstatedir='${prefix}/com'
sysconfdir='${prefix}/etc'
target_alias=''

## ----------- ##
## confdefs.h. ##
## ----------- ##

/* confdefs.h */
#define PACKAGE_NAME "bofuss"
#define PACKAGE_TARNAME "bofuss"
#define PACKAGE_VERSION "5.1.X"
#define PACKAGE_STRING "bofuss 5.1.X"
#define PACKAGE_BUGREPORT ""
#define PACKAGE_URL ""
#define PACKAGE "bofuss"
#define VERSION "5.1.X"

configure: exit 0
